// Jest Snapshot v1, https://goo.gl/fbAQLP

exports[`signBufferRSASHA256AndVerify signs and verifies 1`] = `"aPDeSpsFhQXJ1+7RjLW1kASwFoXFJSC4oehm24KaDQG4dHKEz7tVWhrVknGFTRSM54tv4sfXh2p7/6hs+XoMrdlwplpPTIo7PyWmRsE7Md36bkhTGDz/vUXD42uzcLXFNEzcV7TjjN63uF82ytrDUR7Hvc3rj16//oX5LdasiSyDeNKpiaOBZeANtPHgJ1opOVrTGcKJb62LRwTl+c5YyPUjd48wAUGS/PrB2ucbBchxWJ1KfL8kEjD41sCZCWWxbHRYiKPely4z8kaEoMwAGgPb6QUlPgg6XilAcHxT1xPlq/VafVnkxjih5czAfRlTn8bEAtLzwep77tLJs5hSZw=="`;
